---
source: tests/integration_test.rs
expression: sv
---
// domain SysDomain
//   freq_mhz: 100

module ActiveLowRst (
  input logic clk,
  input logic rst_n,
  input logic en,
  output logic [7:0] count
);

  logic [7:0] count_r;
  always_ff @(posedge clk) begin
    if ((!rst_n)) begin
      count_r <= 0;
    end else begin
      if (en) begin
        count_r <= 8'(count_r + 1);
      end
    end
  end
  assign count = count_r;

endmodule
